Time: 13/1/2026, 9:20:35 pm
Platform: win32
CPU Cores: 8
Total Memory: 7825.12 MB
Free Memory: 619.41 MB
-----------------------------
Time: 13/1/2026, 9:20:40 pm
Platform: win32
CPU Cores: 8
Total Memory: 7825.12 MB
Free Memory: 604.51 MB
-----------------------------
Time: 13/1/2026, 9:20:45 pm
Platform: win32
CPU Cores: 8
Total Memory: 7825.12 MB
Free Memory: 596.61 MB
-----------------------------
Time: 13/1/2026, 9:20:50 pm
Platform: win32
CPU Cores: 8
Total Memory: 7825.12 MB
Free Memory: 673.31 MB
-----------------------------
Time: 13/1/2026, 9:20:55 pm
Platform: win32
CPU Cores: 8
Total Memory: 7825.12 MB
Free Memory: 677.17 MB
-----------------------------
