2026-02-19T04:29:06.954Z-GET /
2026-02-19T04:29:08.869Z-GET /favicon.ico
2026-02-19T04:29:16.196Z-GET /employee/add
2026-02-19T04:29:23.126Z-GET /employee/add
2026-02-19T04:29:49.575Z-POST /api/employee
2026-02-19T04:30:04.493Z-POST /api/employee
2026-02-19T04:30:18.175Z-GET /employee/add
2026-02-19T04:30:32.251Z-POST /api/employee
2026-02-19T04:31:32.062Z-POST /api/employee
2026-02-19T04:31:32.083Z-GET /
2026-02-19T04:31:38.886Z-GET /employee/edit/1
2026-02-19T04:31:43.745Z-PUT /api/employee/1?_method=PUT
2026-02-19T04:32:43.888Z-PUT /api/employee/1?_method=PUT
2026-02-19T04:32:43.912Z-GET /
2026-02-19T04:32:47.887Z-DELETE /api/employee/1?_method=DELETE
2026-02-19T04:32:47.914Z-GET /
2026-02-19T04:33:04.096Z-GET /employee/edit/2
2026-02-19T04:33:08.723Z-GET /
2026-02-19T04:34:57.330Z-GET /
2026-02-19T04:42:08.545Z-GET /
2026-02-19T04:42:23.721Z-GET /employee/add
2026-02-19T04:42:37.015Z-POST /api/employee
2026-02-19T04:42:37.032Z-GET /
2026-02-19T04:43:50.671Z-GET /
